test succeeded
line 2